[debug] [2026-08-05T19:58:26.296Z] ----------------------------------------------------------------------
[debug] [2026-08-05T19:58:26.297Z] Command:       /usr/local/bin/node /Users/samayjoshi/.npm/_npx/ba4f1959e38407b5/node_modules/.bin/firebase deploy --only hosting
[debug] [2026-08-05T19:58:26.297Z] CLI Version:   15.25.1
[debug] [2026-08-05T19:58:26.297Z] Platform:      darwin
[debug] [2026-08-05T19:58:26.297Z] Node Version:  v24.12.0
[debug] [2026-08-05T19:58:26.297Z] Detected Agent: unknown
[debug] [2026-08-05T19:58:26.297Z] Time:          Thu Aug 06 2026 01:28:26 GMT+0530 (India Standard Time)
[debug] [2026-08-05T19:58:26.297Z] ----------------------------------------------------------------------
[debug] 
[debug] [2026-08-05T19:58:26.799Z] Object "/storage" in "firebase.json" has unknown property: {"additionalProperty":"bucket"}
[debug] [2026-08-05T19:58:26.799Z] Field "/storage" in "firebase.json" is possibly invalid: must be array
[debug] [2026-08-05T19:58:26.799Z] Field "/storage" in "firebase.json" is possibly invalid: must match a schema in anyOf
[debug] [2026-08-05T19:58:26.800Z] > command requires scopes: ["email","openid","https://www.googleapis.com/auth/cloudplatformprojects.readonly","https://www.googleapis.com/auth/firebase","https://www.googleapis.com/auth/cloud-platform"]
[debug] [2026-08-05T19:58:26.800Z] > authorizing via signed-in user (sam.science97@gmail.com)
[debug] [2026-08-05T19:58:26.800Z] [iam] checking project fintrackr-e7734 for permissions ["firebase.projects.get","firebasehosting.sites.update"]
[debug] [2026-08-05T19:58:26.804Z] Checked if tokens are valid: true, expires at: 1785962710988
[debug] [2026-08-05T19:58:26.804Z] Checked if tokens are valid: true, expires at: 1785962710988
[debug] [2026-08-05T19:58:26.805Z] >>> [apiv2][query] POST https://cloudresourcemanager.googleapis.com/v1/projects/fintrackr-e7734:testIamPermissions [none]
[debug] [2026-08-05T19:58:26.805Z] >>> [apiv2][(partial)header] POST https://cloudresourcemanager.googleapis.com/v1/projects/fintrackr-e7734:testIamPermissions  x-goog-user-project=fintrackr-e7734
[debug] [2026-08-05T19:58:26.805Z] >>> [apiv2][body] POST https://cloudresourcemanager.googleapis.com/v1/projects/fintrackr-e7734:testIamPermissions {"permissions":["firebase.projects.get","firebasehosting.sites.update"]}
[debug] [2026-08-05T19:58:27.295Z] <<< [apiv2][status] POST https://cloudresourcemanager.googleapis.com/v1/projects/fintrackr-e7734:testIamPermissions 200
[debug] [2026-08-05T19:58:27.295Z] <<< [apiv2][body] POST https://cloudresourcemanager.googleapis.com/v1/projects/fintrackr-e7734:testIamPermissions {"permissions":["firebase.projects.get","firebasehosting.sites.update"]}
[debug] [2026-08-05T19:58:27.295Z] Checked if tokens are valid: true, expires at: 1785962710988
[debug] [2026-08-05T19:58:27.295Z] Checked if tokens are valid: true, expires at: 1785962710988
[debug] [2026-08-05T19:58:27.296Z] >>> [apiv2][query] GET https://firebase.googleapis.com/v1beta1/projects/fintrackr-e7734 [none]
[debug] [2026-08-05T19:58:28.013Z] <<< [apiv2][status] GET https://firebase.googleapis.com/v1beta1/projects/fintrackr-e7734 200
[debug] [2026-08-05T19:58:28.013Z] <<< [apiv2][body] GET https://firebase.googleapis.com/v1beta1/projects/fintrackr-e7734 {"projectId":"fintrackr-e7734","projectNumber":"300103064560","displayName":"FinTrackr","name":"projects/fintrackr-e7734","resources":{"hostingSite":"fintrackr-e7734","realtimeDatabaseInstance":"fintrackr-e7734-default-rtdb"},"state":"ACTIVE","labels":{"firebase":"enabled","firebase/storage-default-bucket":"created","firebaseworkflows/environment":"production"},"etag":"1_8f7a4fee-271e-45fe-9d4c-48c7371a9a95"}
[info] 
[info] === Deploying to 'fintrackr-e7734'...
[info] 
[info] i  deploying hosting 
[debug] [2026-08-05T19:58:28.017Z] Checked if tokens are valid: true, expires at: 1785962710988
[debug] [2026-08-05T19:58:28.017Z] Checked if tokens are valid: true, expires at: 1785962710988
[debug] [2026-08-05T19:58:28.017Z] >>> [apiv2][query] GET https://firebasehosting.googleapis.com/v1beta1/projects/fintrackr-e7734/sites/fintrackr-e7734 [none]
[debug] [2026-08-05T19:58:29.481Z] <<< [apiv2][status] GET https://firebasehosting.googleapis.com/v1beta1/projects/fintrackr-e7734/sites/fintrackr-e7734 200
[debug] [2026-08-05T19:58:29.481Z] <<< [apiv2][body] GET https://firebasehosting.googleapis.com/v1beta1/projects/fintrackr-e7734/sites/fintrackr-e7734 {"name":"projects/fintrackr-e7734/sites/fintrackr-e7734","defaultUrl":"https://fintrackr-e7734.web.app","appId":"1:300103064560:web:f0112747f57677f5d99b35","type":"DEFAULT_SITE"}
[debug] [2026-08-05T19:58:29.482Z] Checked if tokens are valid: true, expires at: 1785962710988
[debug] [2026-08-05T19:58:29.482Z] Checked if tokens are valid: true, expires at: 1785962710988
[debug] [2026-08-05T19:58:29.482Z] >>> [apiv2][query] POST https://firebasehosting.googleapis.com/v1beta1/projects/-/sites/fintrackr-e7734/versions [none]
[debug] [2026-08-05T19:58:29.482Z] >>> [apiv2][body] POST https://firebasehosting.googleapis.com/v1beta1/projects/-/sites/fintrackr-e7734/versions {"status":"CREATED","labels":{"deployment-tool":"cli-firebase"}}
